../Core/Src/main.c:172:5:main	8	static
../Core/Src/main.c:268:6:SystemClock_Config	88	static
../Core/Src/main.c:316:13:MX_USART2_UART_Init	8	static
../Core/Src/main.c:350:13:MX_GPIO_Init	48	static
../Core/Src/main.c:406:5:_write	32	static
../Core/Src/main.c:418:6:morseToCharacter	24	static
../Core/Src/main.c:435:6:Task1_Temp	40	static
../Core/Src/main.c:488:6:Task2_Temp	40	static
../Core/Src/main.c:535:6:Task3_Temp	56	static
../Core/Src/main.c:600:6:Task4_Temp	16	static
../Core/Src/main.c:619:6:HAL_TIM_PeriodElapsedCallback	16	static
../Core/Src/main.c:636:6:Error_Handler	4	static,ignoring_inline_asm
